// Vitest Snapshot v1

exports[`Radio > renders correctly 1`] = `
"<span class=\\"rds-radio__container\\"><!--
			Evento emitido quando o Radio muda seu estado.
			@event change
			@type {Event}
		--><input id=\\"0.1-option-1\\" type=\\"radio\\" class=\\"rds-radio rds-radio--green\\" value=\\"option-1\\"><label class=\\"rds-radio__label\\" for=\\"0.1-option-1\\"><!-- @slot Slot padrão para renderização de conteúdo customizado da label --><span class=\\"rds-radio__label-text\\" disabled=\\"false\\">Opção 1</span></label></span>"
`;
